
1
1
2
3
4
5
6
1
2
3
4
5
6
a
b
c
d
e
a
b
c
d
e
1
2
3
4
5
6
a
b
c
d
e
1 2 3 4 5 6
a b c d e
1 2 3 4 5 6 a b c d e
1
2
3
1
2
3
1
2
3
1
1 2
1 2 3
4 5
1 2 3 4 5
ðŸ˜‰
ðŸ˜‰
ðŸ˜‰
1 2 3 4 5
1 2 8 9 10
3 4 6 7 8 9 10
6 7 8 9 10 4 3
6 7 8 2 3 10 3
