ion: pipeline execution error: early exit: pipeline failed
