bar
bar
ion: undefined variable: foo
ion: command not found: super::demo
