world
world!
Hello, world!
Doctor
order
Doctor's
orders
Doctor's orders
